Calculating task graph as configuration cache cannot be reused because file 'gradle.properties' has changed.
> Task :jarJar NO-SOURCE
> Task :processTestResources NO-SOURCE
> Task :createMinecraftArtifacts UP-TO-DATE
> Task :generateModMetadata

> Task :compileJava
Note: SpongePowered MIXIN Annotation Processor Version=0.8.5
Note: Supported obfuscation types: ObfuscationServiceMCP supports [searge,notch]
D:\MinecraftMods\Returns Mods\Random-Things-Returns-1.21.1-Neo\src\main\java\lumien\randomthings\mixins\BlockAndTintGetterMixin.java:22: warning: Unable to determine descriptor for @Inject target method
    @Inject(
    ^
D:\MinecraftMods\Returns Mods\Random-Things-Returns-1.21.1-Neo\src\main\java\lumien\randomthings\mixins\BlockAndTintGetterMixin.java:40: warning: Unable to determine descriptor for @Inject target method
    @Inject(
    ^
Note: Writing refmap to D:\MinecraftMods\Returns Mods\Random-Things-Returns-1.21.1-Neo\build\tmp\mixins\mixins.randomthings.refmap.json
D:\MinecraftMods\Returns Mods\Random-Things-Returns-1.21.1-Neo\src\main\java\lumien\randomthings\mixins\LightEngineMixin.java:23: warning: Unable to locate obfuscation mapping for @Shadow field
    @Shadow
    ^
Note: Writing refmap to D:\MinecraftMods\Returns Mods\Random-Things-Returns-1.21.1-Neo\build\tmp\mixins\mixins.randomthings.refmap.json
Note: Writing refmap to D:\MinecraftMods\Returns Mods\Random-Things-Returns-1.21.1-Neo\build\tmp\mixins\mixins.randomthings.refmap.json
Note: Writing refmap to D:\MinecraftMods\Returns Mods\Random-Things-Returns-1.21.1-Neo\build\tmp\mixins\mixins.randomthings.refmap.json
warning: The following options were not recognized by any processor: '[outMapFileNamedIntermediary, inMapFileNamedIntermediary]'
D:\MinecraftMods\Returns Mods\Random-Things-Returns-1.21.1-Neo\src\main\java\lumien\randomthings\item\PlantChestItem.java:17: warning: [removal] initializeClient(Consumer<IClientItemExtensions>) in Item has been deprecated and marked for removal
    public void initializeClient(Consumer<IClientItemExtensions> consumer) {
                ^
Note: Some input files use or override a deprecated API.
Note: Recompile with -Xlint:deprecation for details.
5 warnings

> Task :processResources
> Task :classes
> Task :compileTestJava NO-SOURCE
> Task :testClasses UP-TO-DATE
> Task :test NO-SOURCE
> Task :check UP-TO-DATE
> Task :jar
> Task :assemble
> Task :build

[Incubating] Problems report is available at: file:///D:/MinecraftMods/Returns%20Mods/Random-Things-Returns-1.21.1-Neo/build/reports/problems/problems-report.html

Deprecated Gradle features were used in this build, making it incompatible with Gradle 9.0.

You can use '--warning-mode all' to show the individual deprecation warnings and determine if they come from your own scripts or plugins.

For more on this, please refer to https://docs.gradle.org/8.14.3/userguide/command_line_interface.html#sec:command_line_warnings in the Gradle documentation.

BUILD SUCCESSFUL in 15s
5 actionable tasks: 4 executed, 1 up-to-date
Configuration cache entry stored.
